[1/330] train ('two-layer', 'S1_train_I_test_all', 'C-DANN-UDA', 0)
[2/330] train ('two-layer', 'S1_train_I_test_all', 'C-DANN-UDA', 1)
[3/330] train ('two-layer', 'S1_train_I_test_all', 'C-DANN-UDA', 2)
[4/330] train ('two-layer', 'S1_train_I_test_all', 'C-DANN-UDA', 3)
[5/330] train ('two-layer', 'S1_train_I_test_all', 'C-DANN-UDA', 4)
[6/330] train ('two-layer', 'S2_train_I_internal_val_test_all', 'C-DANN-UDA', 0)
[7/330] train ('two-layer', 'S2_train_I_internal_val_test_all', 'C-DANN-UDA', 1)
[8/330] train ('two-layer', 'S2_train_I_internal_val_test_all', 'C-DANN-UDA', 2)
[9/330] train ('two-layer', 'S2_train_I_internal_val_test_all', 'C-DANN-UDA', 3)
[10/330] train ('two-layer', 'S2_train_I_internal_val_test_all', 'C-DANN-UDA', 4)
[11/330] train ('two-layer', 'S3_train_I_internal_20_10_test_all', 'C-DANN-UDA', 0)
[12/330] train ('two-layer', 'S3_train_I_internal_20_10_test_all', 'C-DANN-UDA', 1)
[13/330] train ('two-layer', 'S3_train_I_internal_20_10_test_all', 'C-DANN-UDA', 2)
[14/330] train ('two-layer', 'S3_train_I_internal_20_10_test_all', 'C-DANN-UDA', 3)
[15/330] train ('two-layer', 'S3_train_I_internal_20_10_test_all', 'C-DANN-UDA', 4)
[16/330] train ('two-layer', 'S4_train_I_val_D1_2', 'C-DANN-SEMI', 0)
[17/330] train ('two-layer', 'S4_train_I_val_D1_2', 'C-DANN-SEMI', 1)
[18/330] train ('two-layer', 'S4_train_I_val_D1_2', 'C-DANN-SEMI', 2)
[19/330] train ('two-layer', 'S4_train_I_val_D1_2', 'C-DANN-SEMI', 3)
[20/330] train ('two-layer', 'S4_train_I_val_D1_2', 'C-DANN-SEMI', 4)
[21/330] train ('two-layer', 'S4_train_I_val_D1_2', 'C-DANN-UDA', 0)
[22/330] train ('two-layer', 'S4_train_I_val_D1_2', 'C-DANN-UDA', 1)
[23/330] train ('two-layer', 'S4_train_I_val_D1_2', 'C-DANN-UDA', 2)
[24/330] train ('two-layer', 'S4_train_I_val_D1_2', 'C-DANN-UDA', 3)
[25/330] train ('two-layer', 'S4_train_I_val_D1_2', 'C-DANN-UDA', 4)
[26/330] train ('two-layer', 'S5_train_I_D1_val_D2_3', 'C-DANN-SEMI', 0)
[27/330] train ('two-layer', 'S5_train_I_D1_val_D2_3', 'C-DANN-SEMI', 1)
[28/330] train ('two-layer', 'S5_train_I_D1_val_D2_3', 'C-DANN-SEMI', 2)
[29/330] train ('two-layer', 'S5_train_I_D1_val_D2_3', 'C-DANN-SEMI', 3)
[30/330] train ('two-layer', 'S5_train_I_D1_val_D2_3', 'C-DANN-SEMI', 4)
[31/330] train ('two-layer', 'S5_train_I_D1_val_D2_3', 'C-DANN-UDA', 0)
[32/330] train ('two-layer', 'S5_train_I_D1_val_D2_3', 'C-DANN-UDA', 1)
[33/330] train ('two-layer', 'S5_train_I_D1_val_D2_3', 'C-DANN-UDA', 2)
[34/330] train ('two-layer', 'S5_train_I_D1_val_D2_3', 'C-DANN-UDA', 3)
[35/330] train ('two-layer', 'S5_train_I_D1_val_D2_3', 'C-DANN-UDA', 4)
[36/330] train ('two-layer', 'S6_train_I_D1_2_val_D3_5', 'C-DANN-SEMI', 0)
[37/330] train ('two-layer', 'S6_train_I_D1_2_val_D3_5', 'C-DANN-SEMI', 1)
[38/330] train ('two-layer', 'S6_train_I_D1_2_val_D3_5', 'C-DANN-SEMI', 2)
[39/330] train ('two-layer', 'S6_train_I_D1_2_val_D3_5', 'C-DANN-SEMI', 3)
[40/330] train ('two-layer', 'S6_train_I_D1_2_val_D3_5', 'C-DANN-SEMI', 4)
[41/330] train ('two-layer', 'S6_train_I_D1_2_val_D3_5', 'C-DANN-UDA', 0)
[42/330] train ('two-layer', 'S6_train_I_D1_2_val_D3_5', 'C-DANN-UDA', 1)
[43/330] train ('two-layer', 'S6_train_I_D1_2_val_D3_5', 'C-DANN-UDA', 2)
[44/330] train ('two-layer', 'S6_train_I_D1_2_val_D3_5', 'C-DANN-UDA', 3)
[45/330] train ('two-layer', 'S6_train_I_D1_2_val_D3_5', 'C-DANN-UDA', 4)
[46/330] train ('two-layer', 'S7_train_I_D1_3_val_D4_5', 'C-DANN-SEMI', 0)
[47/330] train ('two-layer', 'S7_train_I_D1_3_val_D4_5', 'C-DANN-SEMI', 1)
[48/330] train ('two-layer', 'S7_train_I_D1_3_val_D4_5', 'C-DANN-SEMI', 2)
[49/330] train ('two-layer', 'S7_train_I_D1_3_val_D4_5', 'C-DANN-SEMI', 3)
[50/330] train ('two-layer', 'S7_train_I_D1_3_val_D4_5', 'C-DANN-SEMI', 4)
[51/330] train ('two-layer', 'S7_train_I_D1_3_val_D4_5', 'C-DANN-UDA', 0)
[52/330] train ('two-layer', 'S7_train_I_D1_3_val_D4_5', 'C-DANN-UDA', 1)
[53/330] train ('two-layer', 'S7_train_I_D1_3_val_D4_5', 'C-DANN-UDA', 2)
[54/330] train ('two-layer', 'S7_train_I_D1_3_val_D4_5', 'C-DANN-UDA', 3)
[55/330] train ('two-layer', 'S7_train_I_D1_3_val_D4_5', 'C-DANN-UDA', 4)
[56/330] train ('two-layer', 'S1_train_I_test_all', 'CDAN-UDA', 0)
[57/330] train ('two-layer', 'S1_train_I_test_all', 'CDAN-UDA', 1)
[58/330] train ('two-layer', 'S1_train_I_test_all', 'CDAN-UDA', 2)
[59/330] train ('two-layer', 'S1_train_I_test_all', 'CDAN-UDA', 3)
[60/330] train ('two-layer', 'S1_train_I_test_all', 'CDAN-UDA', 4)
[61/330] train ('two-layer', 'S2_train_I_internal_val_test_all', 'CDAN-UDA', 0)
[62/330] train ('two-layer', 'S2_train_I_internal_val_test_all', 'CDAN-UDA', 1)
[63/330] train ('two-layer', 'S2_train_I_internal_val_test_all', 'CDAN-UDA', 2)
[64/330] train ('two-layer', 'S2_train_I_internal_val_test_all', 'CDAN-UDA', 3)
[65/330] train ('two-layer', 'S2_train_I_internal_val_test_all', 'CDAN-UDA', 4)
[66/330] train ('two-layer', 'S3_train_I_internal_20_10_test_all', 'CDAN-UDA', 0)
[67/330] train ('two-layer', 'S3_train_I_internal_20_10_test_all', 'CDAN-UDA', 1)
[68/330] train ('two-layer', 'S3_train_I_internal_20_10_test_all', 'CDAN-UDA', 2)
[69/330] train ('two-layer', 'S3_train_I_internal_20_10_test_all', 'CDAN-UDA', 3)
[70/330] train ('two-layer', 'S3_train_I_internal_20_10_test_all', 'CDAN-UDA', 4)
[71/330] train ('two-layer', 'S4_train_I_val_D1_2', 'CDAN-SEMI', 0)
[72/330] train ('two-layer', 'S4_train_I_val_D1_2', 'CDAN-SEMI', 1)
[73/330] train ('two-layer', 'S4_train_I_val_D1_2', 'CDAN-SEMI', 2)
[74/330] train ('two-layer', 'S4_train_I_val_D1_2', 'CDAN-SEMI', 3)
[75/330] train ('two-layer', 'S4_train_I_val_D1_2', 'CDAN-SEMI', 4)
[76/330] train ('two-layer', 'S4_train_I_val_D1_2', 'CDAN-UDA', 0)
[77/330] train ('two-layer', 'S4_train_I_val_D1_2', 'CDAN-UDA', 1)
[78/330] train ('two-layer', 'S4_train_I_val_D1_2', 'CDAN-UDA', 2)
[79/330] train ('two-layer', 'S4_train_I_val_D1_2', 'CDAN-UDA', 3)
[80/330] train ('two-layer', 'S4_train_I_val_D1_2', 'CDAN-UDA', 4)
[81/330] train ('two-layer', 'S5_train_I_D1_val_D2_3', 'CDAN-SEMI', 0)
[82/330] train ('two-layer', 'S5_train_I_D1_val_D2_3', 'CDAN-SEMI', 1)
[83/330] train ('two-layer', 'S5_train_I_D1_val_D2_3', 'CDAN-SEMI', 2)
[84/330] train ('two-layer', 'S5_train_I_D1_val_D2_3', 'CDAN-SEMI', 3)
[85/330] train ('two-layer', 'S5_train_I_D1_val_D2_3', 'CDAN-SEMI', 4)
[86/330] train ('two-layer', 'S5_train_I_D1_val_D2_3', 'CDAN-UDA', 0)
[87/330] train ('two-layer', 'S5_train_I_D1_val_D2_3', 'CDAN-UDA', 1)
[88/330] train ('two-layer', 'S5_train_I_D1_val_D2_3', 'CDAN-UDA', 2)
[89/330] train ('two-layer', 'S5_train_I_D1_val_D2_3', 'CDAN-UDA', 3)
[90/330] train ('two-layer', 'S5_train_I_D1_val_D2_3', 'CDAN-UDA', 4)
[91/330] train ('two-layer', 'S6_train_I_D1_2_val_D3_5', 'CDAN-SEMI', 0)
[92/330] train ('two-layer', 'S6_train_I_D1_2_val_D3_5', 'CDAN-SEMI', 1)
[93/330] train ('two-layer', 'S6_train_I_D1_2_val_D3_5', 'CDAN-SEMI', 2)
[94/330] train ('two-layer', 'S6_train_I_D1_2_val_D3_5', 'CDAN-SEMI', 3)
[95/330] train ('two-layer', 'S6_train_I_D1_2_val_D3_5', 'CDAN-SEMI', 4)
[96/330] train ('two-layer', 'S6_train_I_D1_2_val_D3_5', 'CDAN-UDA', 0)
[97/330] train ('two-layer', 'S6_train_I_D1_2_val_D3_5', 'CDAN-UDA', 1)
[98/330] train ('two-layer', 'S6_train_I_D1_2_val_D3_5', 'CDAN-UDA', 2)
[99/330] train ('two-layer', 'S6_train_I_D1_2_val_D3_5', 'CDAN-UDA', 3)
[100/330] train ('two-layer', 'S6_train_I_D1_2_val_D3_5', 'CDAN-UDA', 4)
[101/330] train ('two-layer', 'S7_train_I_D1_3_val_D4_5', 'CDAN-SEMI', 0)
[102/330] train ('two-layer', 'S7_train_I_D1_3_val_D4_5', 'CDAN-SEMI', 1)
[103/330] train ('two-layer', 'S7_train_I_D1_3_val_D4_5', 'CDAN-SEMI', 2)
[104/330] train ('two-layer', 'S7_train_I_D1_3_val_D4_5', 'CDAN-SEMI', 3)
[105/330] train ('two-layer', 'S7_train_I_D1_3_val_D4_5', 'CDAN-SEMI', 4)
[106/330] train ('two-layer', 'S7_train_I_D1_3_val_D4_5', 'CDAN-UDA', 0)
[107/330] train ('two-layer', 'S7_train_I_D1_3_val_D4_5', 'CDAN-UDA', 1)
[108/330] train ('two-layer', 'S7_train_I_D1_3_val_D4_5', 'CDAN-UDA', 2)
[109/330] train ('two-layer', 'S7_train_I_D1_3_val_D4_5', 'CDAN-UDA', 3)
[110/330] train ('two-layer', 'S7_train_I_D1_3_val_D4_5', 'CDAN-UDA', 4)
[111/330] train ('two-layer', 'S1_train_I_test_all', 'CDAN+C-DANN-UDA', 0)
[112/330] train ('two-layer', 'S1_train_I_test_all', 'CDAN+C-DANN-UDA', 1)
[113/330] train ('two-layer', 'S1_train_I_test_all', 'CDAN+C-DANN-UDA', 2)
[114/330] train ('two-layer', 'S1_train_I_test_all', 'CDAN+C-DANN-UDA', 3)
[115/330] train ('two-layer', 'S1_train_I_test_all', 'CDAN+C-DANN-UDA', 4)
[116/330] train ('two-layer', 'S2_train_I_internal_val_test_all', 'CDAN+C-DANN-UDA', 0)
[117/330] train ('two-layer', 'S2_train_I_internal_val_test_all', 'CDAN+C-DANN-UDA', 1)
[118/330] train ('two-layer', 'S2_train_I_internal_val_test_all', 'CDAN+C-DANN-UDA', 2)
[119/330] train ('two-layer', 'S2_train_I_internal_val_test_all', 'CDAN+C-DANN-UDA', 3)
[120/330] train ('two-layer', 'S2_train_I_internal_val_test_all', 'CDAN+C-DANN-UDA', 4)
[121/330] train ('two-layer', 'S3_train_I_internal_20_10_test_all', 'CDAN+C-DANN-UDA', 0)
[122/330] train ('two-layer', 'S3_train_I_internal_20_10_test_all', 'CDAN+C-DANN-UDA', 1)
[123/330] train ('two-layer', 'S3_train_I_internal_20_10_test_all', 'CDAN+C-DANN-UDA', 2)
[124/330] train ('two-layer', 'S3_train_I_internal_20_10_test_all', 'CDAN+C-DANN-UDA', 3)
[125/330] train ('two-layer', 'S3_train_I_internal_20_10_test_all', 'CDAN+C-DANN-UDA', 4)
[126/330] train ('two-layer', 'S4_train_I_val_D1_2', 'CDAN+C-DANN-SEMI', 0)
[127/330] train ('two-layer', 'S4_train_I_val_D1_2', 'CDAN+C-DANN-SEMI', 1)
[128/330] train ('two-layer', 'S4_train_I_val_D1_2', 'CDAN+C-DANN-SEMI', 2)
[129/330] train ('two-layer', 'S4_train_I_val_D1_2', 'CDAN+C-DANN-SEMI', 3)
[130/330] train ('two-layer', 'S4_train_I_val_D1_2', 'CDAN+C-DANN-SEMI', 4)
[131/330] train ('two-layer', 'S4_train_I_val_D1_2', 'CDAN+C-DANN-UDA', 0)
[132/330] train ('two-layer', 'S4_train_I_val_D1_2', 'CDAN+C-DANN-UDA', 1)
[133/330] train ('two-layer', 'S4_train_I_val_D1_2', 'CDAN+C-DANN-UDA', 2)
[134/330] train ('two-layer', 'S4_train_I_val_D1_2', 'CDAN+C-DANN-UDA', 3)
[135/330] train ('two-layer', 'S4_train_I_val_D1_2', 'CDAN+C-DANN-UDA', 4)
[136/330] train ('two-layer', 'S5_train_I_D1_val_D2_3', 'CDAN+C-DANN-SEMI', 0)
[137/330] train ('two-layer', 'S5_train_I_D1_val_D2_3', 'CDAN+C-DANN-SEMI', 1)
[138/330] train ('two-layer', 'S5_train_I_D1_val_D2_3', 'CDAN+C-DANN-SEMI', 2)
[139/330] train ('two-layer', 'S5_train_I_D1_val_D2_3', 'CDAN+C-DANN-SEMI', 3)
[140/330] train ('two-layer', 'S5_train_I_D1_val_D2_3', 'CDAN+C-DANN-SEMI', 4)
[141/330] train ('two-layer', 'S5_train_I_D1_val_D2_3', 'CDAN+C-DANN-UDA', 0)
[142/330] train ('two-layer', 'S5_train_I_D1_val_D2_3', 'CDAN+C-DANN-UDA', 1)
[143/330] train ('two-layer', 'S5_train_I_D1_val_D2_3', 'CDAN+C-DANN-UDA', 2)
[144/330] train ('two-layer', 'S5_train_I_D1_val_D2_3', 'CDAN+C-DANN-UDA', 3)
[145/330] train ('two-layer', 'S5_train_I_D1_val_D2_3', 'CDAN+C-DANN-UDA', 4)
[146/330] train ('two-layer', 'S6_train_I_D1_2_val_D3_5', 'CDAN+C-DANN-SEMI', 0)
[147/330] train ('two-layer', 'S6_train_I_D1_2_val_D3_5', 'CDAN+C-DANN-SEMI', 1)
[148/330] train ('two-layer', 'S6_train_I_D1_2_val_D3_5', 'CDAN+C-DANN-SEMI', 2)
[149/330] train ('two-layer', 'S6_train_I_D1_2_val_D3_5', 'CDAN+C-DANN-SEMI', 3)
[150/330] train ('two-layer', 'S6_train_I_D1_2_val_D3_5', 'CDAN+C-DANN-SEMI', 4)
[151/330] train ('two-layer', 'S6_train_I_D1_2_val_D3_5', 'CDAN+C-DANN-UDA', 0)
[152/330] train ('two-layer', 'S6_train_I_D1_2_val_D3_5', 'CDAN+C-DANN-UDA', 1)
[153/330] train ('two-layer', 'S6_train_I_D1_2_val_D3_5', 'CDAN+C-DANN-UDA', 2)
[154/330] train ('two-layer', 'S6_train_I_D1_2_val_D3_5', 'CDAN+C-DANN-UDA', 3)
[155/330] train ('two-layer', 'S6_train_I_D1_2_val_D3_5', 'CDAN+C-DANN-UDA', 4)
[156/330] train ('two-layer', 'S7_train_I_D1_3_val_D4_5', 'CDAN+C-DANN-SEMI', 0)
[157/330] train ('two-layer', 'S7_train_I_D1_3_val_D4_5', 'CDAN+C-DANN-SEMI', 1)
[158/330] train ('two-layer', 'S7_train_I_D1_3_val_D4_5', 'CDAN+C-DANN-SEMI', 2)
[159/330] train ('two-layer', 'S7_train_I_D1_3_val_D4_5', 'CDAN+C-DANN-SEMI', 3)
[160/330] train ('two-layer', 'S7_train_I_D1_3_val_D4_5', 'CDAN+C-DANN-SEMI', 4)
[161/330] train ('two-layer', 'S7_train_I_D1_3_val_D4_5', 'CDAN+C-DANN-UDA', 0)
[162/330] train ('two-layer', 'S7_train_I_D1_3_val_D4_5', 'CDAN+C-DANN-UDA', 1)
[163/330] train ('two-layer', 'S7_train_I_D1_3_val_D4_5', 'CDAN+C-DANN-UDA', 2)
[164/330] train ('two-layer', 'S7_train_I_D1_3_val_D4_5', 'CDAN+C-DANN-UDA', 3)
[165/330] train ('two-layer', 'S7_train_I_D1_3_val_D4_5', 'CDAN+C-DANN-UDA', 4)
[166/330] train ('two-layer', 'S1_train_I_test_all', 'DANN-UDA', 0)
[167/330] train ('two-layer', 'S1_train_I_test_all', 'DANN-UDA', 1)
[168/330] train ('two-layer', 'S1_train_I_test_all', 'DANN-UDA', 2)
[169/330] train ('two-layer', 'S1_train_I_test_all', 'DANN-UDA', 3)
[170/330] train ('two-layer', 'S1_train_I_test_all', 'DANN-UDA', 4)
[171/330] train ('two-layer', 'S2_train_I_internal_val_test_all', 'DANN-UDA', 0)
[172/330] train ('two-layer', 'S2_train_I_internal_val_test_all', 'DANN-UDA', 1)
[173/330] train ('two-layer', 'S2_train_I_internal_val_test_all', 'DANN-UDA', 2)
[174/330] train ('two-layer', 'S2_train_I_internal_val_test_all', 'DANN-UDA', 3)
[175/330] train ('two-layer', 'S2_train_I_internal_val_test_all', 'DANN-UDA', 4)
[176/330] train ('two-layer', 'S3_train_I_internal_20_10_test_all', 'DANN-UDA', 0)
[177/330] train ('two-layer', 'S3_train_I_internal_20_10_test_all', 'DANN-UDA', 1)
[178/330] train ('two-layer', 'S3_train_I_internal_20_10_test_all', 'DANN-UDA', 2)
[179/330] train ('two-layer', 'S3_train_I_internal_20_10_test_all', 'DANN-UDA', 3)
[180/330] train ('two-layer', 'S3_train_I_internal_20_10_test_all', 'DANN-UDA', 4)
[181/330] train ('two-layer', 'S4_train_I_val_D1_2', 'DANN-SEMI', 0)
[182/330] train ('two-layer', 'S4_train_I_val_D1_2', 'DANN-SEMI', 1)
[183/330] train ('two-layer', 'S4_train_I_val_D1_2', 'DANN-SEMI', 2)
[184/330] train ('two-layer', 'S4_train_I_val_D1_2', 'DANN-SEMI', 3)
[185/330] train ('two-layer', 'S4_train_I_val_D1_2', 'DANN-SEMI', 4)
[186/330] train ('two-layer', 'S4_train_I_val_D1_2', 'DANN-UDA', 0)
[187/330] train ('two-layer', 'S4_train_I_val_D1_2', 'DANN-UDA', 1)
[188/330] train ('two-layer', 'S4_train_I_val_D1_2', 'DANN-UDA', 2)
[189/330] train ('two-layer', 'S4_train_I_val_D1_2', 'DANN-UDA', 3)
[190/330] train ('two-layer', 'S4_train_I_val_D1_2', 'DANN-UDA', 4)
[191/330] train ('two-layer', 'S5_train_I_D1_val_D2_3', 'DANN-SEMI', 0)
[192/330] train ('two-layer', 'S5_train_I_D1_val_D2_3', 'DANN-SEMI', 1)
[193/330] train ('two-layer', 'S5_train_I_D1_val_D2_3', 'DANN-SEMI', 2)
[194/330] train ('two-layer', 'S5_train_I_D1_val_D2_3', 'DANN-SEMI', 3)
[195/330] train ('two-layer', 'S5_train_I_D1_val_D2_3', 'DANN-SEMI', 4)
[196/330] train ('two-layer', 'S5_train_I_D1_val_D2_3', 'DANN-UDA', 0)
[197/330] train ('two-layer', 'S5_train_I_D1_val_D2_3', 'DANN-UDA', 1)
[198/330] train ('two-layer', 'S5_train_I_D1_val_D2_3', 'DANN-UDA', 2)
[199/330] train ('two-layer', 'S5_train_I_D1_val_D2_3', 'DANN-UDA', 3)
[200/330] train ('two-layer', 'S5_train_I_D1_val_D2_3', 'DANN-UDA', 4)
[201/330] train ('two-layer', 'S6_train_I_D1_2_val_D3_5', 'DANN-SEMI', 0)
[202/330] train ('two-layer', 'S6_train_I_D1_2_val_D3_5', 'DANN-SEMI', 1)
[203/330] train ('two-layer', 'S6_train_I_D1_2_val_D3_5', 'DANN-SEMI', 2)
[204/330] train ('two-layer', 'S6_train_I_D1_2_val_D3_5', 'DANN-SEMI', 3)
[205/330] train ('two-layer', 'S6_train_I_D1_2_val_D3_5', 'DANN-SEMI', 4)
[206/330] train ('two-layer', 'S6_train_I_D1_2_val_D3_5', 'DANN-UDA', 0)
[207/330] train ('two-layer', 'S6_train_I_D1_2_val_D3_5', 'DANN-UDA', 1)
[208/330] train ('two-layer', 'S6_train_I_D1_2_val_D3_5', 'DANN-UDA', 2)
[209/330] train ('two-layer', 'S6_train_I_D1_2_val_D3_5', 'DANN-UDA', 3)
[210/330] train ('two-layer', 'S6_train_I_D1_2_val_D3_5', 'DANN-UDA', 4)
[211/330] train ('two-layer', 'S7_train_I_D1_3_val_D4_5', 'DANN-SEMI', 0)
[212/330] train ('two-layer', 'S7_train_I_D1_3_val_D4_5', 'DANN-SEMI', 1)
[213/330] train ('two-layer', 'S7_train_I_D1_3_val_D4_5', 'DANN-SEMI', 2)
[214/330] train ('two-layer', 'S7_train_I_D1_3_val_D4_5', 'DANN-SEMI', 3)
[215/330] train ('two-layer', 'S7_train_I_D1_3_val_D4_5', 'DANN-SEMI', 4)
[216/330] train ('two-layer', 'S7_train_I_D1_3_val_D4_5', 'DANN-UDA', 0)
[217/330] train ('two-layer', 'S7_train_I_D1_3_val_D4_5', 'DANN-UDA', 1)
[218/330] train ('two-layer', 'S7_train_I_D1_3_val_D4_5', 'DANN-UDA', 2)
[219/330] train ('two-layer', 'S7_train_I_D1_3_val_D4_5', 'DANN-UDA', 3)
[220/330] train ('two-layer', 'S7_train_I_D1_3_val_D4_5', 'DANN-UDA', 4)
[221/330] train ('two-layer', 'S1_train_I_test_all', 'DEEP-CORAL-UDA', 0)
[222/330] train ('two-layer', 'S1_train_I_test_all', 'DEEP-CORAL-UDA', 1)
[223/330] train ('two-layer', 'S1_train_I_test_all', 'DEEP-CORAL-UDA', 2)
[224/330] train ('two-layer', 'S1_train_I_test_all', 'DEEP-CORAL-UDA', 3)
[225/330] train ('two-layer', 'S1_train_I_test_all', 'DEEP-CORAL-UDA', 4)
[226/330] train ('two-layer', 'S2_train_I_internal_val_test_all', 'DEEP-CORAL-UDA', 0)
[227/330] train ('two-layer', 'S2_train_I_internal_val_test_all', 'DEEP-CORAL-UDA', 1)
[228/330] train ('two-layer', 'S2_train_I_internal_val_test_all', 'DEEP-CORAL-UDA', 2)
[229/330] train ('two-layer', 'S2_train_I_internal_val_test_all', 'DEEP-CORAL-UDA', 3)
[230/330] train ('two-layer', 'S2_train_I_internal_val_test_all', 'DEEP-CORAL-UDA', 4)
[231/330] train ('two-layer', 'S3_train_I_internal_20_10_test_all', 'DEEP-CORAL-UDA', 0)
[232/330] train ('two-layer', 'S3_train_I_internal_20_10_test_all', 'DEEP-CORAL-UDA', 1)
[233/330] train ('two-layer', 'S3_train_I_internal_20_10_test_all', 'DEEP-CORAL-UDA', 2)
[234/330] train ('two-layer', 'S3_train_I_internal_20_10_test_all', 'DEEP-CORAL-UDA', 3)
[235/330] train ('two-layer', 'S3_train_I_internal_20_10_test_all', 'DEEP-CORAL-UDA', 4)
[236/330] train ('two-layer', 'S4_train_I_val_D1_2', 'DEEP-CORAL-SEMI', 0)
[237/330] train ('two-layer', 'S4_train_I_val_D1_2', 'DEEP-CORAL-SEMI', 1)
[238/330] train ('two-layer', 'S4_train_I_val_D1_2', 'DEEP-CORAL-SEMI', 2)
[239/330] train ('two-layer', 'S4_train_I_val_D1_2', 'DEEP-CORAL-SEMI', 3)
[240/330] train ('two-layer', 'S4_train_I_val_D1_2', 'DEEP-CORAL-SEMI', 4)
[241/330] train ('two-layer', 'S4_train_I_val_D1_2', 'DEEP-CORAL-UDA', 0)
[242/330] train ('two-layer', 'S4_train_I_val_D1_2', 'DEEP-CORAL-UDA', 1)
[243/330] train ('two-layer', 'S4_train_I_val_D1_2', 'DEEP-CORAL-UDA', 2)
[244/330] train ('two-layer', 'S4_train_I_val_D1_2', 'DEEP-CORAL-UDA', 3)
[245/330] train ('two-layer', 'S4_train_I_val_D1_2', 'DEEP-CORAL-UDA', 4)
[246/330] train ('two-layer', 'S5_train_I_D1_val_D2_3', 'DEEP-CORAL-SEMI', 0)
[247/330] train ('two-layer', 'S5_train_I_D1_val_D2_3', 'DEEP-CORAL-SEMI', 1)
[248/330] train ('two-layer', 'S5_train_I_D1_val_D2_3', 'DEEP-CORAL-SEMI', 2)
[249/330] train ('two-layer', 'S5_train_I_D1_val_D2_3', 'DEEP-CORAL-SEMI', 3)
[250/330] train ('two-layer', 'S5_train_I_D1_val_D2_3', 'DEEP-CORAL-SEMI', 4)
[251/330] train ('two-layer', 'S5_train_I_D1_val_D2_3', 'DEEP-CORAL-UDA', 0)
[252/330] train ('two-layer', 'S5_train_I_D1_val_D2_3', 'DEEP-CORAL-UDA', 1)
[253/330] train ('two-layer', 'S5_train_I_D1_val_D2_3', 'DEEP-CORAL-UDA', 2)
[254/330] train ('two-layer', 'S5_train_I_D1_val_D2_3', 'DEEP-CORAL-UDA', 3)
[255/330] train ('two-layer', 'S5_train_I_D1_val_D2_3', 'DEEP-CORAL-UDA', 4)
[256/330] train ('two-layer', 'S6_train_I_D1_2_val_D3_5', 'DEEP-CORAL-SEMI', 0)
[257/330] train ('two-layer', 'S6_train_I_D1_2_val_D3_5', 'DEEP-CORAL-SEMI', 1)
[258/330] train ('two-layer', 'S6_train_I_D1_2_val_D3_5', 'DEEP-CORAL-SEMI', 2)
[259/330] train ('two-layer', 'S6_train_I_D1_2_val_D3_5', 'DEEP-CORAL-SEMI', 3)
[260/330] train ('two-layer', 'S6_train_I_D1_2_val_D3_5', 'DEEP-CORAL-SEMI', 4)
[261/330] train ('two-layer', 'S6_train_I_D1_2_val_D3_5', 'DEEP-CORAL-UDA', 0)
[262/330] train ('two-layer', 'S6_train_I_D1_2_val_D3_5', 'DEEP-CORAL-UDA', 1)
[263/330] train ('two-layer', 'S6_train_I_D1_2_val_D3_5', 'DEEP-CORAL-UDA', 2)
[264/330] train ('two-layer', 'S6_train_I_D1_2_val_D3_5', 'DEEP-CORAL-UDA', 3)
[265/330] train ('two-layer', 'S6_train_I_D1_2_val_D3_5', 'DEEP-CORAL-UDA', 4)
[266/330] train ('two-layer', 'S7_train_I_D1_3_val_D4_5', 'DEEP-CORAL-SEMI', 0)
[267/330] train ('two-layer', 'S7_train_I_D1_3_val_D4_5', 'DEEP-CORAL-SEMI', 1)
[268/330] train ('two-layer', 'S7_train_I_D1_3_val_D4_5', 'DEEP-CORAL-SEMI', 2)
[269/330] train ('two-layer', 'S7_train_I_D1_3_val_D4_5', 'DEEP-CORAL-SEMI', 3)
[270/330] train ('two-layer', 'S7_train_I_D1_3_val_D4_5', 'DEEP-CORAL-SEMI', 4)
[271/330] train ('two-layer', 'S7_train_I_D1_3_val_D4_5', 'DEEP-CORAL-UDA', 0)
[272/330] train ('two-layer', 'S7_train_I_D1_3_val_D4_5', 'DEEP-CORAL-UDA', 1)
[273/330] train ('two-layer', 'S7_train_I_D1_3_val_D4_5', 'DEEP-CORAL-UDA', 2)
[274/330] train ('two-layer', 'S7_train_I_D1_3_val_D4_5', 'DEEP-CORAL-UDA', 3)
[275/330] train ('two-layer', 'S7_train_I_D1_3_val_D4_5', 'DEEP-CORAL-UDA', 4)
[276/330] train ('two-layer', 'S1_train_I_test_all', 'MK-MMD-UDA', 0)
[277/330] train ('two-layer', 'S1_train_I_test_all', 'MK-MMD-UDA', 1)
[278/330] train ('two-layer', 'S1_train_I_test_all', 'MK-MMD-UDA', 2)
[279/330] train ('two-layer', 'S1_train_I_test_all', 'MK-MMD-UDA', 3)
[280/330] train ('two-layer', 'S1_train_I_test_all', 'MK-MMD-UDA', 4)
[281/330] train ('two-layer', 'S2_train_I_internal_val_test_all', 'MK-MMD-UDA', 0)
[282/330] train ('two-layer', 'S2_train_I_internal_val_test_all', 'MK-MMD-UDA', 1)
[283/330] train ('two-layer', 'S2_train_I_internal_val_test_all', 'MK-MMD-UDA', 2)
[284/330] train ('two-layer', 'S2_train_I_internal_val_test_all', 'MK-MMD-UDA', 3)
[285/330] train ('two-layer', 'S2_train_I_internal_val_test_all', 'MK-MMD-UDA', 4)
[286/330] train ('two-layer', 'S3_train_I_internal_20_10_test_all', 'MK-MMD-UDA', 0)
[287/330] train ('two-layer', 'S3_train_I_internal_20_10_test_all', 'MK-MMD-UDA', 1)
[288/330] train ('two-layer', 'S3_train_I_internal_20_10_test_all', 'MK-MMD-UDA', 2)
[289/330] train ('two-layer', 'S3_train_I_internal_20_10_test_all', 'MK-MMD-UDA', 3)
[290/330] train ('two-layer', 'S3_train_I_internal_20_10_test_all', 'MK-MMD-UDA', 4)
[291/330] train ('two-layer', 'S4_train_I_val_D1_2', 'MK-MMD-SEMI', 0)
[292/330] train ('two-layer', 'S4_train_I_val_D1_2', 'MK-MMD-SEMI', 1)
[293/330] train ('two-layer', 'S4_train_I_val_D1_2', 'MK-MMD-SEMI', 2)
[294/330] train ('two-layer', 'S4_train_I_val_D1_2', 'MK-MMD-SEMI', 3)
[295/330] train ('two-layer', 'S4_train_I_val_D1_2', 'MK-MMD-SEMI', 4)
[296/330] train ('two-layer', 'S4_train_I_val_D1_2', 'MK-MMD-UDA', 0)
[297/330] train ('two-layer', 'S4_train_I_val_D1_2', 'MK-MMD-UDA', 1)
[298/330] train ('two-layer', 'S4_train_I_val_D1_2', 'MK-MMD-UDA', 2)
[299/330] train ('two-layer', 'S4_train_I_val_D1_2', 'MK-MMD-UDA', 3)
[300/330] train ('two-layer', 'S4_train_I_val_D1_2', 'MK-MMD-UDA', 4)
[301/330] train ('two-layer', 'S5_train_I_D1_val_D2_3', 'MK-MMD-SEMI', 0)
[302/330] train ('two-layer', 'S5_train_I_D1_val_D2_3', 'MK-MMD-SEMI', 1)
[303/330] train ('two-layer', 'S5_train_I_D1_val_D2_3', 'MK-MMD-SEMI', 2)
[304/330] train ('two-layer', 'S5_train_I_D1_val_D2_3', 'MK-MMD-SEMI', 3)
[305/330] train ('two-layer', 'S5_train_I_D1_val_D2_3', 'MK-MMD-SEMI', 4)
[306/330] train ('two-layer', 'S5_train_I_D1_val_D2_3', 'MK-MMD-UDA', 0)
[307/330] train ('two-layer', 'S5_train_I_D1_val_D2_3', 'MK-MMD-UDA', 1)
[308/330] train ('two-layer', 'S5_train_I_D1_val_D2_3', 'MK-MMD-UDA', 2)
[309/330] train ('two-layer', 'S5_train_I_D1_val_D2_3', 'MK-MMD-UDA', 3)
[310/330] train ('two-layer', 'S5_train_I_D1_val_D2_3', 'MK-MMD-UDA', 4)
[311/330] train ('two-layer', 'S6_train_I_D1_2_val_D3_5', 'MK-MMD-SEMI', 0)
[312/330] train ('two-layer', 'S6_train_I_D1_2_val_D3_5', 'MK-MMD-SEMI', 1)
[313/330] train ('two-layer', 'S6_train_I_D1_2_val_D3_5', 'MK-MMD-SEMI', 2)
[314/330] train ('two-layer', 'S6_train_I_D1_2_val_D3_5', 'MK-MMD-SEMI', 3)
[315/330] train ('two-layer', 'S6_train_I_D1_2_val_D3_5', 'MK-MMD-SEMI', 4)
[316/330] train ('two-layer', 'S6_train_I_D1_2_val_D3_5', 'MK-MMD-UDA', 0)
[317/330] train ('two-layer', 'S6_train_I_D1_2_val_D3_5', 'MK-MMD-UDA', 1)
[318/330] train ('two-layer', 'S6_train_I_D1_2_val_D3_5', 'MK-MMD-UDA', 2)
[319/330] train ('two-layer', 'S6_train_I_D1_2_val_D3_5', 'MK-MMD-UDA', 3)
[320/330] train ('two-layer', 'S6_train_I_D1_2_val_D3_5', 'MK-MMD-UDA', 4)
[321/330] train ('two-layer', 'S7_train_I_D1_3_val_D4_5', 'MK-MMD-SEMI', 0)
[322/330] train ('two-layer', 'S7_train_I_D1_3_val_D4_5', 'MK-MMD-SEMI', 1)
[323/330] train ('two-layer', 'S7_train_I_D1_3_val_D4_5', 'MK-MMD-SEMI', 2)
[324/330] train ('two-layer', 'S7_train_I_D1_3_val_D4_5', 'MK-MMD-SEMI', 3)
[325/330] train ('two-layer', 'S7_train_I_D1_3_val_D4_5', 'MK-MMD-SEMI', 4)
[326/330] train ('two-layer', 'S7_train_I_D1_3_val_D4_5', 'MK-MMD-UDA', 0)
[327/330] train ('two-layer', 'S7_train_I_D1_3_val_D4_5', 'MK-MMD-UDA', 1)
[328/330] train ('two-layer', 'S7_train_I_D1_3_val_D4_5', 'MK-MMD-UDA', 2)
[329/330] train ('two-layer', 'S7_train_I_D1_3_val_D4_5', 'MK-MMD-UDA', 3)
[330/330] train ('two-layer', 'S7_train_I_D1_3_val_D4_5', 'MK-MMD-UDA', 4)
Outputs written to D:\thesis\tables\frozen_da_logistic_probe
